// Jest Snapshot v1, https://goo.gl/fbAQLP

exports[`Box accepts a css prop 1`] = `
.c0 {
  box-sizing: border-box;
  outline: 4px solid red;
}

<div
  className="c0"
/>
`;

exports[`Box renders 1`] = `
.c0 {
  box-sizing: border-box;
  margin: 8px;
  padding-left: 16px;
  padding-right: 16px;
}

<div
  className="c0"
/>
`;

exports[`Box renders with props 1`] = `
.c0 {
  box-sizing: border-box;
  margin: 4px;
  padding-left: 4px;
  padding-right: 4px;
  width: 100%;
  -webkit-flex: 1 1 auto;
  -ms-flex: 1 1 auto;
  flex: 1 1 auto;
  -webkit-align-self: flex-start;
  -ms-flex-item-align: start;
  align-self: flex-start;
}

@media screen and (min-width:40em) {
  .c0 {
    margin: 8px;
    padding-left: 8px;
    padding-right: 8px;
  }
}

<div
  className="c0"
  width={1}
/>
`;

exports[`Flex renders 1`] = `
.c0 {
  box-sizing: border-box;
  display: -webkit-box;
  display: -webkit-flex;
  display: -ms-flexbox;
  display: flex;
}

<div
  className="c0"
/>
`;

exports[`Flex renders with flexDirection prop 1`] = `
.c0 {
  box-sizing: border-box;
  -webkit-flex-direction: column;
  -ms-flex-direction: column;
  flex-direction: column;
  display: -webkit-box;
  display: -webkit-flex;
  display: -ms-flexbox;
  display: flex;
}

<div
  className="c0"
/>
`;

exports[`Flex renders with props 1`] = `
.c0 {
  box-sizing: border-box;
  -webkit-flex-wrap: wrap;
  -ms-flex-wrap: wrap;
  flex-wrap: wrap;
  -webkit-flex-direction: column;
  -ms-flex-direction: column;
  flex-direction: column;
  -webkit-align-items: center;
  -webkit-box-align: center;
  -ms-flex-align: center;
  align-items: center;
  -webkit-box-pack: justify;
  -webkit-justify-content: space-between;
  -ms-flex-pack: justify;
  justify-content: space-between;
  display: -webkit-box;
  display: -webkit-flex;
  display: -ms-flexbox;
  display: flex;
}

<div
  className="c0"
/>
`;

exports[`Flex renders with responsive props 1`] = `
.c0 {
  box-sizing: border-box;
  -webkit-flex-wrap: wrap;
  -ms-flex-wrap: wrap;
  flex-wrap: wrap;
  -webkit-flex-direction: column;
  -ms-flex-direction: column;
  flex-direction: column;
  -webkit-align-items: stretch;
  -webkit-box-align: stretch;
  -ms-flex-align: stretch;
  align-items: stretch;
  -webkit-box-pack: justify;
  -webkit-justify-content: space-between;
  -ms-flex-pack: justify;
  justify-content: space-between;
  display: -webkit-box;
  display: -webkit-flex;
  display: -ms-flexbox;
  display: flex;
}

@media screen and (min-width:40em) {
  .c0 {
    -webkit-flex-wrap: nowrap;
    -ms-flex-wrap: nowrap;
    flex-wrap: nowrap;
    -webkit-flex-direction: row;
    -ms-flex-direction: row;
    flex-direction: row;
    -webkit-align-items: center;
    -webkit-box-align: center;
    -ms-flex-align: center;
    align-items: center;
    -webkit-box-pack: center;
    -webkit-justify-content: center;
    -ms-flex-pack: center;
    justify-content: center;
  }
}

<div
  className="c0"
/>
`;
